// Jest Snapshot v1, https://goo.gl/fbAQLP

exports[`ShrinkedView renders correctly according to snapshot 1`] = `
<div
  className="shrinked-view-container"
>
  <img
    height={16}
    src="../resources/missing-website-favicon.png"
    width={16}
  />
  <p>
    Time spent here (placeholder)
  </p>
</div>
`;
